Testing UI imports...
================================================================================

[1] Testing core imports...
